Program(None,Package(QuickSort,None,Method(partition,IntType,VarDef(left,IntType),VarDef(right,IntType),VarDef(pivot,IntType),MethodBlock(VarDef(leftPtr,IntType),VarDef(rightPtr,IntType),AssignVar(leftPtr,BinaryExpr(Minus,VariableExpr(left),NumberExpr(1))),AssignVar(rightPtr,VariableExpr(right)),WhileStmtAST(BoolExpr(true),Block(None,WhileStmtAST(BoolExpr(true),Block(None,AssignVar(leftPtr,BinaryExpr(Plus,VariableExpr(leftPtr),NumberExpr(1))),IfStmt(BinaryExpr(Geq,ArrayLocExpr(list,VariableExpr(leftPtr)),VariableExpr(pivot)),Block(None,BreakStmt),None))),WhileStmtAST(BoolExpr(true),Block(None,IfStmt(BinaryExpr(Leq,VariableExpr(rightPtr),NumberExpr(0)),Block(None,BreakStmt),None),AssignVar(rightPtr,BinaryExpr(Minus,VariableExpr(rightPtr),NumberExpr(1))),IfStmt(BinaryExpr(Leq,ArrayLocExpr(list,VariableExpr(rightPtr)),VariableExpr(pivot)),Block(None,BreakStmt),None))),IfStmt(BinaryExpr(Geq,VariableExpr(leftPtr),VariableExpr(rightPtr)),Block(None,BreakStmt),Block(None,MethodCall(swap,VariableExpr(leftPtr),VariableExpr(rightPtr)))))),MethodCall(swap,VariableExpr(leftPtr),VariableExpr(right)),ReturnStmtAST(VariableExpr(leftPtr))))))
