Program(None,Package(QuickSort,None,Method(initList,VoidType,VarDef(size,IntType),MethodBlock(VarDef(i,IntType),ForStmtAST(AssignVar(i,NumberExpr(0)),BinaryExpr(Lt,VariableExpr(i),VariableExpr(size)),AssignVar(i,BinaryExpr(Plus,VariableExpr(i),NumberExpr(1)))),AssignVar(i,BinaryExpr(Plus,VariableExpr(i),NumberExpr(1)))))))
