Program(None,Package(QuickSort,None,Method(displayList,VoidType,VarDef(start,IntType),VarDef(len,IntType),MethodBlock(VarDef(j,IntType),MethodCall(print_string,StringConstant("List:\n")),ForStmtAST(AssignVar(j,VariableExpr(start)),BinaryExpr(Lt,VariableExpr(j),BinaryExpr(Plus,VariableExpr(start),VariableExpr(len))),AssignVar(j,BinaryExpr(Plus,VariableExpr(j),NumberExpr(1)))),AssignVar(j,BinaryExpr(Plus,VariableExpr(j),NumberExpr(1)))))))
