Program(None,Package(QuickSort,None,Method(quickSort,VoidType,VarDef(left,IntType),VarDef(right,IntType),MethodBlock(None,IfStmt(BinaryExpr(Minus,VariableExpr(right),BinaryExpr(Leq,VariableExpr(left),NumberExpr(0))),Block(None,BinaryExpr(Leq,VariableExpr(left),NumberExpr(0))),Block(VarDef(part,IntType),VarDef(pivot,IntType),AssignVar(pivot,ArrayLocExpr(list,VariableExpr(right))),AssignVar(part,MethodCall(partition,VariableExpr(left),VariableExpr(right),VariableExpr(pivot))),MethodCall(quickSort,VariableExpr(left),BinaryExpr(Minus,VariableExpr(part),NumberExpr(1))),MethodCall(quickSort,BinaryExpr(Plus,VariableExpr(part),NumberExpr(1)),VariableExpr(right))))))))
