Program(None,Package(QuickSort,FieldDeclAST(list,IntType,Array(100)),Method(main,VoidType,None,MethodBlock(None,None))))
