Program(None,Package(C,FieldDeclAST(x,IntType,Scalar),FieldDeclAST(size,IntType,Scalar),Method(f,VoidType,None,MethodBlock(VarDef(x,IntType),VarDef(i,IntType),AssignVar(size,NumberExpr(100)),WhileStmtAST(BoolExpr(true),Block(None,AssignVar(x,NumberExpr(1)),AssignVar(leftPtr,NumberExpr(10)),ForStmtAST(AssignVar(i,NumberExpr(0)),BinaryExpr(Lt,VariableExpr(i),VariableExpr(size)),AssignVar(i,BinaryExpr(Plus,VariableExpr(i),NumberExpr(1)))),AssignVar(i,BinaryExpr(Plus,VariableExpr(i),NumberExpr(1)))))))))
